Microchip MPLAB XC8 Compiler V1.34 ()

Linker command line:

--edf=C:\Program Files (x86)\Microchip\xc8\v1.34\dat\en_msgs.txt -cs \
  -h+dist/default/production\V5_1_0.X2.production.sym \
  --cmf=dist/default/production\V5_1_0.X2.production.cmf -z -Q16F1507 \
  -oC:\Users\ANATOL~1.GLO\AppData\Local\Temp\s4c4.6 \
  -Mdist/default/production/V5_1_0.X2.production.map -E1 -ver=XC8 \
  -ASTACK=02048h-0206fh -pstack=STACK -ACODE=00h-07FFh -ASTRCODE=00h-07FFh \
  -ASTRING=00h-0FFhx8 -ACONST=00h-0FFhx8 -AENTRY=00h-0FFhx8 \
  -ACOMMON=070h-07Fh -ABANK0=020h-06Fh -ABANK1=0A0h-0BFh \
  -ABIGRAM=02000h-0206Fh -ARAM=020h-06Fh,0A0h-0BFh \
  -AABS1=020h-07Fh,0A0h-0BFh -ASFR0=00h-01Fh -ASFR1=080h-09Fh \
  -ASFR2=0100h-016Fh -ASFR3=0180h-01EFh -ASFR4=0200h-026Fh \
  -ASFR5=0280h-02EFh -ASFR6=0300h-036Fh -ASFR7=0380h-03EFh \
  -ASFR8=0400h-046Fh -ASFR9=0480h-04EFh -ASFR10=0500h-056Fh \
  -ASFR11=0580h-05EFh -ASFR12=0600h-066Fh -ASFR13=0680h-06EFh \
  -ASFR14=0700h-076Fh -ASFR15=0780h-07EFh -ASFR16=0800h-086Fh \
  -ASFR17=0880h-08EFh -ASFR18=0900h-096Fh -ASFR19=0980h-09EFh \
  -ASFR20=0A00h-0A6Fh -ASFR21=0A80h-0AEFh -ASFR22=0B00h-0B6Fh \
  -ASFR23=0B80h-0BEFh -ASFR24=0C00h-0C6Fh -ASFR25=0C80h-0CEFh \
  -ASFR26=0D00h-0D6Fh -ASFR27=0D80h-0DEFh -ASFR28=0E00h-0E6Fh \
  -ASFR29=0E80h-0EEFh -ASFR30=0F00h-0F6Fh -ASFR31=0F80h-0FEFh \
  -preset_vec=00h,intentry=04h,init,end_init -ppowerup=CODE -pcinit=CODE \
  -pfunctab=CODE -ACONFIG=08007h-08008h -pconfig=CONFIG -DCONFIG=2 \
  -AIDLOC=08000h-08003h -pidloc=IDLOC -DIDLOC=2 -DCODE=2 -DSTRCODE=2 \
  -DSTRING=2 -DCONST=2 -DENTRY=2 -k \
  C:\Users\ANATOL~1.GLO\AppData\Local\Temp\s4c4.obj \
  dist/default/production\V5_1_0.X2.production.obj 

Object code version is 3.11

Machine type is 16F1507



                Name                               Link     Load   Length Selector   Space Scale
C:\Users\ANATOL~1.GLO\AppData\Local\Temp\s4c4.obj
                end_init                             13       13        1        8       0
                reset_vec                             0        0        1        0       0
                config                             8007     8007        2    1000E       0
dist/default/production\V5_1_0.X2.production.obj
                cinit                                14       14        E        8       0
                intentry                              4        4        F        8       0
                text32                              681      681       14        8       0
                text31                              72A      72A        1      DC6       0
                text30                              707      707        8      DC6       0
                text28                              695      695       13        8       0
                text27                              656      656       17        8       0
                text26                              544      544       3E        8       0
                text25                              274      274       B5        8       0
                text24                              4E2      4E2       62        8       0
                text23                              478      478       6A        8       0
                text22                              6B9      6B9       10        8       0
                text21                              39B      39B       71        8       0
                text20                              5B3      5B3       2C        8       0
                text19                              5DF      5DF       2B        8       0
                text18                              66D      66D       14        8       0
                text17                              6FF      6FF        8      DC6       0
                text16                              721      721        4      DC6       0
                text15                              71C      71C        5      DC6       0
                text14                              630      630       26        8       0
                text13                              6F7      6F7        8      DC6       0
                text12                              716      716        6      DC6       0
                text11                              6E3      6E3        B      DC6       0
                text10                              725      725        3      DC6       0
                text9                               6C9      6C9        F        8       0
                text8                               728      728        2      DC6       0
                text7                               70F      70F        7      DC6       0
                text6                               6EE      6EE        9      DC6       0
                text5                               329      329       72        8       0
                text4                               6A8      6A8       11        8       0
                text3                               40C      40C       6C        8       0
                swtext1                             6D8      6D8        B      DB0       0
                text2                                22       22      252        8       0
                text1                               60A      60A       26        8       0
                maintext                            582      582       31        8       0
                cstackBANK0                          20       20       39       20       1
                cstackCOMMON                         70       70        E       70       1
                bssBANK0                             59       59        B       20       1
                bitbssBANK0                         338       67        2       20       1     8
                nvBANK0                              64       64        3       20       1

TOTAL           Name                               Link     Load   Length     Space
        CLASS   STACK          

        CLASS   CODE           
                end_init                             13       13        1         0
                cinit                                14       14        E         0
                intentry                              4        4        F         0
                reset_vec                             0        0        1         0
                text32                              681      681       14         0
                text31                              72A      72A        1         0
                text30                              707      707        8         0
                text28                              695      695       13         0
                text27                              656      656       17         0
                text26                              544      544       3E         0
                text25                              274      274       B5         0
                text24                              4E2      4E2       62         0
                text23                              478      478       6A         0
                text22                              6B9      6B9       10         0
                text21                              39B      39B       71         0
                text20                              5B3      5B3       2C         0
                text19                              5DF      5DF       2B         0
                text18                              66D      66D       14         0
                text17                              6FF      6FF        8         0
                text16                              721      721        4         0
                text15                              71C      71C        5         0
                text14                              630      630       26         0
                text13                              6F7      6F7        8         0
                text12                              716      716        6         0
                text11                              6E3      6E3        B         0
                text10                              725      725        3         0
                text9                               6C9      6C9        F         0
                text8                               728      728        2         0
                text7                               70F      70F        7         0
                text6                               6EE      6EE        9         0
                text5                               329      329       72         0
                text4                               6A8      6A8       11         0
                text3                               40C      40C       6C         0
                text2                                22       22      252         0
                text1                               60A      60A       26         0
                maintext                            582      582       31         0

        CLASS   STRCODE        

        CLASS   STRING         

        CLASS   CONST          
                swtext1                             6D8      6D8        B         0

        CLASS   ENTRY          

        CLASS   COMMON         
                cstackCOMMON                         70       70        E         1

        CLASS   BANK0          
                cstackBANK0                          20       20       39         1
                bssBANK0                             59       59        B         1
                bitbssBANK0                         338       67        2         1
                nvBANK0                              64       64        3         1

        CLASS   BANK1          

        CLASS   BIGRAM         

        CLASS   RAM            

        CLASS   ABS1           
                abs_s1                               7E       7E        2         1

        CLASS   SFR0           

        CLASS   SFR1           

        CLASS   SFR2           

        CLASS   SFR3           

        CLASS   SFR4           

        CLASS   SFR5           

        CLASS   SFR6           

        CLASS   SFR7           

        CLASS   SFR8           

        CLASS   SFR9           

        CLASS   SFR10          

        CLASS   SFR11          

        CLASS   SFR12          

        CLASS   SFR13          

        CLASS   SFR14          

        CLASS   SFR15          

        CLASS   SFR16          

        CLASS   SFR17          

        CLASS   SFR18          

        CLASS   SFR19          

        CLASS   SFR20          

        CLASS   SFR21          

        CLASS   SFR22          

        CLASS   SFR23          

        CLASS   SFR24          

        CLASS   SFR25          

        CLASS   SFR26          

        CLASS   SFR27          

        CLASS   SFR28          

        CLASS   SFR29          

        CLASS   SFR30          

        CLASS   SFR31          

        CLASS   CONFIG         
                config                             8007     8007        2         0

        CLASS   IDLOC          

        CLASS   BANK31         

        CLASS   BANK30         

        CLASS   BANK29         

        CLASS   BANK28         

        CLASS   BANK27         

        CLASS   BANK26         

        CLASS   BANK25         

        CLASS   BANK24         

        CLASS   BANK23         

        CLASS   BANK22         

        CLASS   BANK21         

        CLASS   BANK20         

        CLASS   BANK19         

        CLASS   BANK18         

        CLASS   BANK17         

        CLASS   BANK16         

        CLASS   BANK15         

        CLASS   BANK14         

        CLASS   BANK13         

        CLASS   BANK12         

        CLASS   BANK11         

        CLASS   BANK10         

        CLASS   BANK9          

        CLASS   BANK8          

        CLASS   BANK7          

        CLASS   BANK6          

        CLASS   BANK5          

        CLASS   BANK4          

        CLASS   BANK3          

        CLASS   BANK2          

        CLASS   EEDATA         



SEGMENTS        Name                           Load    Length   Top    Selector   Space  Class     Delta

                reset_vec                      000000  000001  000001         0       0  CODE        2
                intentry                       000004  0006D4  0006D8         8       0  CODE        2
                cstackBANK0                    000020  000048  000068        20       1  BANK0       1
                cstackCOMMON                   000070  00000E  00007E        70       1  COMMON      1
                swtext1                        0006D8  00000B  0006E3       DB0       0  CONST       2
                text11                         0006E3  000048  00072B       DC6       0  CODE        2
                config                         008007  000002  008009     1000E       0  CONFIG      2


UNUSED ADDRESS RANGES

        Name                Unused          Largest block    Delta
        BANK0            00068-0006F               8           1
        BANK1            000A0-000BF              20           1
        BIGRAM           02000-0206F              70           1
        CODE             00001-00003               3           2
                         0072B-007FF              D5
        CONST            00001-00003               3           2
                         0072B-007FF              D5
        ENTRY            00001-00003               3           2
                         0072B-007FF              D5
        IDLOC            08000-08003               4           2
        RAM              00068-0006F               8           1
                         000A0-000BF              20
        SFR0             00000-0001F              20           1
        SFR1             00080-0009F              20           1
        SFR10            00500-0056F              70           1
        SFR11            00580-005EF              70           1
        SFR12            00600-0066F              70           1
        SFR13            00680-006EF              70           1
        SFR14            00700-0076F              70           1
        SFR15            00780-007EF              70           1
        SFR16            00800-0086F              70           1
        SFR17            00880-008EF              70           1
        SFR18            00900-0096F              70           1
        SFR19            00980-009EF              70           1
        SFR2             00100-0016F              70           1
        SFR20            00A00-00A6F              70           1
        SFR21            00A80-00AEF              70           1
        SFR22            00B00-00B6F              70           1
        SFR23            00B80-00BEF              70           1
        SFR24            00C00-00C6F              70           1
        SFR25            00C80-00CEF              70           1
        SFR26            00D00-00D6F              70           1
        SFR27            00D80-00DEF              70           1
        SFR28            00E00-00E6F              70           1
        SFR29            00E80-00EEF              70           1
        SFR3             00180-001EF              70           1
        SFR30            00F00-00F6F              70           1
        SFR31            00F80-00FEF              70           1
        SFR4             00200-0026F              70           1
        SFR5             00280-002EF              70           1
        SFR6             00300-0036F              70           1
        SFR7             00380-003EF              70           1
        SFR8             00400-0046F              70           1
        SFR9             00480-004EF              70           1
        STACK            02048-0206F              28           1
        STRCODE          00001-00003               3           2
                         0072B-007FF              D5
        STRING           00001-00003               3           2
                         0072B-007FF              D5

                                  Symbol Table

?_ADC_GetConversion                         cstackCOMMON 00070
?_ReadPHVVoltage                            cstackBANK0  00035
?_ReadainVBatt                              cstackBANK0  00035
?___aldiv                                   cstackCOMMON 00070
?___ftadd                                   cstackBANK0  00029
?___ftdiv                                   cstackCOMMON 00078
?___ftmul                                   cstackCOMMON 00078
?___ftpack                                  cstackCOMMON 00070
?___lwtoft                                  cstackCOMMON 00078
ADC_GetConversion@channel                   cstackCOMMON 00073
LEDsManage@intLedsOnTime                    cstackBANK0  00046
LEDsManage@ulgCyclesForLEDs                 cstackBANK0  00042
PWM1_LoadDutyValue@dutyValue                cstackCOMMON 00070
ReadPHVVoltage@k                            cstackBANK0  00038
ReadPHVVoltage@sum                          cstackBANK0  00039
ReadainVBatt@k                              cstackBANK0  00038
ReadainVBatt@sum                            cstackBANK0  00039
ResetZigbee@k                               cstackCOMMON 00070
SolenoidManage@flainVBatt                   cstackBANK0  00055
SolenoidManage@lngPulsesNotWorking          cstackBANK0  00051
SolenoidManage@lngPulsesWorking             cstackBANK0  0004B
SolenoidManage@timeForDemagnetising         cstackBANK0  00047
SolenoidManage@timeForHighVoltageOnSolenoid cstackBANK0  00048
SolenoidManage@timeForSprinkling            cstackBANK0  00049
SolenoidManage@timeForStopping              cstackBANK0  0004F
SolenoidManage@timeToCheckingShock          cstackBANK0  00045
SolenoidManage@timeToSupplyShock            cstackBANK0  00043
_ADCON0                                     (abs)        0009D
_ADCON0bits                                 (abs)        0009D
_ADCON1                                     (abs)        0009E
_ADCON2                                     (abs)        0009F
_ADC_GetConversion                          text27       00656
_ADC_Initialize                             text17       006FF
_ADRESH                                     (abs)        0009C
_ADRESL                                     (abs)        0009B
_ANSELA                                     (abs)        0018C
_ANSELB                                     (abs)        0018D
_ANSELC                                     (abs)        0018E
_APFCON                                     (abs)        0011D
_FVRCON                                     (abs)        00117
_FVR_Initialize                             text16       00721
_INTCONbits                                 (abs)        0000B
_INTERRUPT_InterruptManager                 intentry     00004
_IOCAF2                                     (abs)        01C9A
_IOCAN2                                     (abs)        01C92
_IOCAP2                                     (abs)        01C8A
_ImAliveManage                              text28       00695
_LATA                                       (abs)        0010C
_LATA5                                      (abs)        00865
_LATB                                       (abs)        0010D
_LATB6                                      (abs)        0086E
_LATB7                                      (abs)        0086F
_LATC                                       (abs)        0010E
_LATC1                                      (abs)        00871
_LATC2                                      (abs)        00872
_LATC3                                      (abs)        00873
_LATC4                                      (abs)        00874
_LATC5                                      (abs)        00875
_LATC7                                      (abs)        00877
_LEDsManage                                 text19       005DF
_OPTION_REG                                 (abs)        00095
_OPTION_REGbits                             (abs)        00095
_OSCCON                                     (abs)        00099
_OSCILLATOR_Initialize                      text15       0071C
_OSCSTAT                                    (abs)        0009A
_PIE1bits                                   (abs)        00091
_PIN_MANAGER_IOC                            text32       00681
_PIN_MANAGER_Initialize                     text14       00630
_PIR1bits                                   (abs)        00011
_PR2                                        (abs)        0001B
_PWM1CON                                    (abs)        00613
_PWM1DCH                                    (abs)        00612
_PWM1DCL                                    (abs)        00611
_PWM1_Initialize                            text13       006F7
_PWM1_LoadDutyValue                         text18       0066D
_PWM2CON                                    (abs)        00616
_PWM2DCH                                    (abs)        00615
_PWM2DCL                                    (abs)        00614
_PWM2_Initialize                            text12       00716
_RA4                                        (abs)        00064
_RB4                                        (abs)        0006C
_RB5                                        (abs)        0006D
_RC3                                        (abs)        00073
_ReadPHVVoltage                             text21       0039B
_ReadainVBatt                               text5        00329
_ResetZigbee                                text4        006A8
_SYSTEM_Initialize                          text6        006EE
_SolenoidManage                             text2        00022
_T1CON                                      (abs)        00018
_T1CONbits                                  (abs)        00018
_T1GCON                                     (abs)        00019
_T2CON                                      (abs)        0001C
_T2CONbits                                  (abs)        0001C
_TMR0                                       (abs)        00015
_TMR0_Initialize                            text11       006E3
_TMR1H                                      (abs)        00017
_TMR1L                                      (abs)        00016
_TMR1_CallBack                              text31       0072A
_TMR1_ISR                                   text30       00707
_TMR1_Initialize                            text9        006C9
_TMR1_StartTimer                            text10       00725
_TMR2                                       (abs)        0001A
_TMR2_Initialize                            text7        0070F
_TMR2_StartTimer                            text8        00728
_TRISA                                      (abs)        0008C
_TRISB                                      (abs)        0008D
_TRISC                                      (abs)        0008E
_VREGCON                                    (abs)        00197
_WDTCON                                     (abs)        00097
_WPUA                                       (abs)        0020C
_WPUB                                       (abs)        0020D
_WakeUpZigbee                               text1        0060A
__CFG_BOREN$ON                              (abs)        00000
__CFG_BORV$LO                               (abs)        00000
__CFG_CLKOUTEN$OFF                          (abs)        00000
__CFG_CP$OFF                                (abs)        00000
__CFG_FOSC$INTOSC                           (abs)        00000
__CFG_LPBOR$ON                              (abs)        00000
__CFG_LVP$OFF                               (abs)        00000
__CFG_MCLRE$ON                              (abs)        00000
__CFG_PWRTE$OFF                             (abs)        00000
__CFG_STVREN$ON                             (abs)        00000
__CFG_WDTE$ON                               (abs)        00000
__CFG_WRT$OFF                               (abs)        00000
__Habs1                                     abs1         00000
__Hbank0                                    bank0        00000
__Hbank1                                    bank1        00000
__Hbank10                                   bank10       00000
__Hbank11                                   bank11       00000
__Hbank12                                   bank12       00000
__Hbank13                                   bank13       00000
__Hbank14                                   bank14       00000
__Hbank15                                   bank15       00000
__Hbank16                                   bank16       00000
__Hbank17                                   bank17       00000
__Hbank18                                   bank18       00000
__Hbank19                                   bank19       00000
__Hbank2                                    bank2        00000
__Hbank20                                   bank20       00000
__Hbank21                                   bank21       00000
__Hbank22                                   bank22       00000
__Hbank23                                   bank23       00000
__Hbank24                                   bank24       00000
__Hbank25                                   bank25       00000
__Hbank26                                   bank26       00000
__Hbank27                                   bank27       00000
__Hbank28                                   bank28       00000
__Hbank29                                   bank29       00000
__Hbank3                                    bank3        00000
__Hbank30                                   bank30       00000
__Hbank31                                   bank31       00000
__Hbank4                                    bank4        00000
__Hbank5                                    bank5        00000
__Hbank6                                    bank6        00000
__Hbank7                                    bank7        00000
__Hbank8                                    bank8        00000
__Hbank9                                    bank9        00000
__Hbigram                                   bigram       00000
__HbitbssBANK0                              bitbssBANK0  00000
__HbssBANK0                                 bssBANK0     00000
__Hcinit                                    cinit        00022
__Hclrtext                                  clrtext      00000
__Hcode                                     code         00000
__Hcommon                                   common       00000
__Hconfig                                   config       08009
__HcstackBANK0                              cstackBANK0  00000
__HcstackCOMMON                             cstackCOMMON 00000
__Heeprom_data                              eeprom_data  00000
__Hend_init                                 end_init     00014
__Hfunctab                                  functab      00000
__Hidloc                                    idloc        00000
__Hinit                                     init         00013
__Hintentry                                 intentry     00013
__Hmaintext                                 maintext     00000
__HnvBANK0                                  nvBANK0      00000
__Hpa_nodes                                 pa_nodes     00000
__Hpowerup                                  powerup      00000
__Hram                                      ram          00000
__Hreset_vec                                reset_vec    00001
__Hsfr0                                     sfr0         00000
__Hsfr1                                     sfr1         00000
__Hsfr10                                    sfr10        00000
__Hsfr11                                    sfr11        00000
__Hsfr12                                    sfr12        00000
__Hsfr13                                    sfr13        00000
__Hsfr14                                    sfr14        00000
__Hsfr15                                    sfr15        00000
__Hsfr16                                    sfr16        00000
__Hsfr17                                    sfr17        00000
__Hsfr18                                    sfr18        00000
__Hsfr19                                    sfr19        00000
__Hsfr2                                     sfr2         00000
__Hsfr20                                    sfr20        00000
__Hsfr21                                    sfr21        00000
__Hsfr22                                    sfr22        00000
__Hsfr23                                    sfr23        00000
__Hsfr24                                    sfr24        00000
__Hsfr25                                    sfr25        00000
__Hsfr26                                    sfr26        00000
__Hsfr27                                    sfr27        00000
__Hsfr28                                    sfr28        00000
__Hsfr29                                    sfr29        00000
__Hsfr3                                     sfr3         00000
__Hsfr30                                    sfr30        00000
__Hsfr31                                    sfr31        00000
__Hsfr4                                     sfr4         00000
__Hsfr5                                     sfr5         00000
__Hsfr6                                     sfr6         00000
__Hsfr7                                     sfr7         00000
__Hsfr8                                     sfr8         00000
__Hsfr9                                     sfr9         00000
__Hspace_0                                  (abs)        08009
__Hspace_1                                  (abs)        0033A
__Hspace_2                                  (abs)        00000
__Hspace_3                                  (abs)        00000
__Hstack                                    stack        00000
__Hstrings                                  strings      00000
__Htext                                     text         00000
__Labs1                                     abs1         00000
__Lbank0                                    bank0        00000
__Lbank1                                    bank1        00000
__Lbank10                                   bank10       00000
__Lbank11                                   bank11       00000
__Lbank12                                   bank12       00000
__Lbank13                                   bank13       00000
__Lbank14                                   bank14       00000
__Lbank15                                   bank15       00000
__Lbank16                                   bank16       00000
__Lbank17                                   bank17       00000
__Lbank18                                   bank18       00000
__Lbank19                                   bank19       00000
__Lbank2                                    bank2        00000
__Lbank20                                   bank20       00000
__Lbank21                                   bank21       00000
__Lbank22                                   bank22       00000
__Lbank23                                   bank23       00000
__Lbank24                                   bank24       00000
__Lbank25                                   bank25       00000
__Lbank26                                   bank26       00000
__Lbank27                                   bank27       00000
__Lbank28                                   bank28       00000
__Lbank29                                   bank29       00000
__Lbank3                                    bank3        00000
__Lbank30                                   bank30       00000
__Lbank31                                   bank31       00000
__Lbank4                                    bank4        00000
__Lbank5                                    bank5        00000
__Lbank6                                    bank6        00000
__Lbank7                                    bank7        00000
__Lbank8                                    bank8        00000
__Lbank9                                    bank9        00000
__Lbigram                                   bigram       00000
__LbitbssBANK0                              bitbssBANK0  00000
__LbssBANK0                                 bssBANK0     00000
__Lcinit                                    cinit        00014
__Lclrtext                                  clrtext      00000
__Lcode                                     code         00000
__Lcommon                                   common       00000
__Lconfig                                   config       08007
__LcstackBANK0                              cstackBANK0  00000
__LcstackCOMMON                             cstackCOMMON 00000
__Leeprom_data                              eeprom_data  00000
__Lend_init                                 end_init     00013
__Lfunctab                                  functab      00000
__Lidloc                                    idloc        00000
__Linit                                     init         00013
__Lintentry                                 intentry     00004
__Lmaintext                                 maintext     00000
__LnvBANK0                                  nvBANK0      00000
__Lpa_nodes                                 pa_nodes     00000
__Lpowerup                                  powerup      00000
__Lram                                      ram          00000
__Lreset_vec                                reset_vec    00000
__Lsfr0                                     sfr0         00000
__Lsfr1                                     sfr1         00000
__Lsfr10                                    sfr10        00000
__Lsfr11                                    sfr11        00000
__Lsfr12                                    sfr12        00000
__Lsfr13                                    sfr13        00000
__Lsfr14                                    sfr14        00000
__Lsfr15                                    sfr15        00000
__Lsfr16                                    sfr16        00000
__Lsfr17                                    sfr17        00000
__Lsfr18                                    sfr18        00000
__Lsfr19                                    sfr19        00000
__Lsfr2                                     sfr2         00000
__Lsfr20                                    sfr20        00000
__Lsfr21                                    sfr21        00000
__Lsfr22                                    sfr22        00000
__Lsfr23                                    sfr23        00000
__Lsfr24                                    sfr24        00000
__Lsfr25                                    sfr25        00000
__Lsfr26                                    sfr26        00000
__Lsfr27                                    sfr27        00000
__Lsfr28                                    sfr28        00000
__Lsfr29                                    sfr29        00000
__Lsfr3                                     sfr3         00000
__Lsfr30                                    sfr30        00000
__Lsfr31                                    sfr31        00000
__Lsfr4                                     sfr4         00000
__Lsfr5                                     sfr5         00000
__Lsfr6                                     sfr6         00000
__Lsfr7                                     sfr7         00000
__Lsfr8                                     sfr8         00000
__Lsfr9                                     sfr9         00000
__Lspace_0                                  (abs)        00000
__Lspace_1                                  (abs)        00000
__Lspace_2                                  (abs)        00000
__Lspace_3                                  (abs)        00000
__Lstack                                    stack        00000
__Lstrings                                  strings      00000
__Ltext                                     text         00000
__S0                                        (abs)        08009
__S1                                        (abs)        0007E
__S2                                        (abs)        00000
___aldiv                                    text3        0040C
___aldiv@counter                            cstackCOMMON 00078
___aldiv@dividend                           cstackCOMMON 00074
___aldiv@divisor                            cstackCOMMON 00070
___aldiv@quotient                           cstackCOMMON 0007A
___aldiv@sign                               cstackCOMMON 00079
___ftadd                                    text25       00274
___ftadd@exp1                               cstackBANK0  00034
___ftadd@exp2                               cstackBANK0  00033
___ftadd@f1                                 cstackBANK0  00029
___ftadd@f2                                 cstackBANK0  0002C
___ftadd@sign                               cstackBANK0  00032
___ftdiv                                    text24       004E2
___ftdiv@cntr                               cstackBANK0  00023
___ftdiv@exp                                cstackBANK0  00027
___ftdiv@f1                                 cstackCOMMON 0007B
___ftdiv@f2                                 cstackCOMMON 00078
___ftdiv@f3                                 cstackBANK0  00024
___ftdiv@sign                               cstackBANK0  00028
___ftge                                     text20       005B3
___ftge@ff1                                 cstackBANK0  0003C
___ftge@ff2                                 cstackBANK0  0003F
___ftmul                                    text23       00478
___ftmul@cntr                               cstackBANK0  00027
___ftmul@exp                                cstackBANK0  00023
___ftmul@f1                                 cstackCOMMON 00078
___ftmul@f2                                 cstackCOMMON 0007B
___ftmul@f3_as_product                      cstackBANK0  00024
___ftmul@sign                               cstackBANK0  00028
___ftpack                                   text26       00544
___ftpack@arg                               cstackCOMMON 00070
___ftpack@exp                               cstackCOMMON 00073
___ftpack@sign                              cstackCOMMON 00074
___int_sp                                   stack        00000
___latbits                                  (abs)        00000
___lwtoft                                   text22       006B9
___lwtoft@c                                 cstackCOMMON 00078
___sp                                       stack        00000
__end_of_ADC_GetConversion                  text27       0066D
__end_of_ADC_Initialize                     text17       00707
__end_of_FVR_Initialize                     text16       00725
__end_of_INTERRUPT_InterruptManager         intentry     00013
__end_of_ImAliveManage                      text28       006A8
__end_of_LEDsManage                         text19       0060A
__end_of_OSCILLATOR_Initialize              text15       00721
__end_of_PIN_MANAGER_IOC                    text32       00695
__end_of_PIN_MANAGER_Initialize             text14       00656
__end_of_PWM1_Initialize                    text13       006FF
__end_of_PWM1_LoadDutyValue                 text18       00681
__end_of_PWM2_Initialize                    text12       0071C
__end_of_ReadPHVVoltage                     text21       0040C
__end_of_ReadainVBatt                       text5        0039B
__end_of_ResetZigbee                        text4        006B9
__end_of_SYSTEM_Initialize                  text6        006F7
__end_of_SolenoidManage                     text2        00274
__end_of_TMR0_Initialize                    text11       006EE
__end_of_TMR1_CallBack                      text31       0072B
__end_of_TMR1_ISR                           text30       0070F
__end_of_TMR1_Initialize                    text9        006D8
__end_of_TMR1_StartTimer                    text10       00728
__end_of_TMR2_Initialize                    text7        00716
__end_of_TMR2_StartTimer                    text8        0072A
__end_of_WakeUpZigbee                       text1        00630
__end_of___aldiv                            text3        00478
__end_of___ftadd                            text25       00329
__end_of___ftdiv                            text24       00544
__end_of___ftge                             text20       005DF
__end_of___ftmul                            text23       004E2
__end_of___ftpack                           text26       00582
__end_of___lwtoft                           text22       006C9
__end_of__initialization                    cinit        00020
__end_of_main                               maintext     005B3
__initialization                            cinit        00014
__pbitbssBANK0                              bitbssBANK0  00338
__pbssBANK0                                 bssBANK0     00059
__pcstackBANK0                              cstackBANK0  00020
__pcstackCOMMON                             cstackCOMMON 00070
__pintentry                                 intentry     00004
__pmaintext                                 maintext     00582
__pnvBANK0                                  nvBANK0      00064
__pswtext1                                  swtext1      006D8
__ptext1                                    text1        0060A
__ptext10                                   text10       00725
__ptext11                                   text11       006E3
__ptext12                                   text12       00716
__ptext13                                   text13       006F7
__ptext14                                   text14       00630
__ptext15                                   text15       0071C
__ptext16                                   text16       00721
__ptext17                                   text17       006FF
__ptext18                                   text18       0066D
__ptext19                                   text19       005DF
__ptext2                                    text2        00022
__ptext20                                   text20       005B3
__ptext21                                   text21       0039B
__ptext22                                   text22       006B9
__ptext23                                   text23       00478
__ptext24                                   text24       004E2
__ptext25                                   text25       00274
__ptext26                                   text26       00544
__ptext27                                   text27       00656
__ptext28                                   text28       00695
__ptext3                                    text3        0040C
__ptext30                                   text30       00707
__ptext31                                   text31       0072A
__ptext32                                   text32       00681
__ptext4                                    text4        006A8
__ptext5                                    text5        00329
__ptext6                                    text6        006EE
__ptext7                                    text7        0070F
__ptext8                                    text8        00728
__ptext9                                    text9        006C9
__size_of_ADC_GetConversion                 (abs)        00000
__size_of_ADC_Initialize                    (abs)        00000
__size_of_FVR_Initialize                    (abs)        00000
__size_of_INTERRUPT_InterruptManager        (abs)        00000
__size_of_ImAliveManage                     (abs)        00000
__size_of_LEDsManage                        (abs)        00000
__size_of_OSCILLATOR_Initialize             (abs)        00000
__size_of_PIN_MANAGER_IOC                   (abs)        00000
__size_of_PIN_MANAGER_Initialize            (abs)        00000
__size_of_PWM1_Initialize                   (abs)        00000
__size_of_PWM1_LoadDutyValue                (abs)        00000
__size_of_PWM2_Initialize                   (abs)        00000
__size_of_ReadPHVVoltage                    (abs)        00000
__size_of_ReadainVBatt                      (abs)        00000
__size_of_ResetZigbee                       (abs)        00000
__size_of_SYSTEM_Initialize                 (abs)        00000
__size_of_SolenoidManage                    (abs)        00000
__size_of_TMR0_Initialize                   (abs)        00000
__size_of_TMR1_CallBack                     (abs)        00000
__size_of_TMR1_ISR                          (abs)        00000
__size_of_TMR1_Initialize                   (abs)        00000
__size_of_TMR1_StartTimer                   (abs)        00000
__size_of_TMR2_Initialize                   (abs)        00000
__size_of_TMR2_StartTimer                   (abs)        00000
__size_of_WakeUpZigbee                      (abs)        00000
__size_of___aldiv                           (abs)        00000
__size_of___ftadd                           (abs)        00000
__size_of___ftdiv                           (abs)        00000
__size_of___ftge                            (abs)        00000
__size_of___ftmul                           (abs)        00000
__size_of___ftpack                          (abs)        00000
__size_of___lwtoft                          (abs)        00000
__size_of_main                              (abs)        00000
_bDoNotSleep                                bitbssBANK0  00338
_bInterrupted                               bitbssBANK0  00339
_main                                       maintext     00582
_pulses                                     bssBANK0     00059
_timer0ReloadVal                            nvBANK0      00066
_timer1ReloadVal                            nvBANK0      00064
_ucIAmAliveOFF                              bssBANK0     00061
_ucIAmAliveON                               bssBANK0     00062
_ucValveState                               bssBANK0     00063
_ulgCyclesForReset                          bssBANK0     0005D
btemp                                       (abs)        0007E
end_of_initialization                       cinit        00020
intlevel0                                   functab      00000
intlevel1                                   functab      00000
intlevel2                                   functab      00000
intlevel3                                   functab      00000
intlevel4                                   functab      00000
intlevel5                                   functab      00000
ltemp                                       (abs)        0007E
ltemp0                                      (abs)        0007E
ltemp1                                      (abs)        00082
ltemp2                                      (abs)        00086
ltemp3                                      (abs)        00080
main@m                                      cstackBANK0  00058
reset_vec                                   reset_vec    00000
stackhi                                     (abs)        0206F
stacklo                                     (abs)        02048
start                                       init         00013
start_initialization                        cinit        00014
ttemp                                       (abs)        0007E
ttemp0                                      (abs)        0007E
ttemp1                                      (abs)        00081
ttemp2                                      (abs)        00084
ttemp3                                      (abs)        00087
ttemp4                                      (abs)        0007F
wtemp                                       (abs)        0007E
wtemp0                                      (abs)        0007E
wtemp1                                      (abs)        00080
wtemp2                                      (abs)        00082
wtemp3                                      (abs)        00084
wtemp4                                      (abs)        00086
wtemp5                                      (abs)        00088
wtemp6                                      (abs)        0007F


FUNCTION INFORMATION:

 *************** function _main *****************
 Defined at:
		line 73 in file "main_0.c"
 Parameters:    Size  Location     Type
		None
 Auto vars:     Size  Location     Type
  m               1   56[BANK0 ] unsigned char 
 Return value:  Size  Location     Type
                  2  349[None  ] int 
 Registers used:
		wreg, fsr0l, fsr0h, status,2, status,0, pclath, cstack
 Tracked objects:
		On entry : 
		On exit  : 
		Unchanged: 
 Data sizes:     COMMON   BANK0   BANK1
      Params:         0       0       0
      Locals:         0       1       0
      Temps:          0       0       0
      Totals:         0       1       0
Total ram usage:        1 bytes
 Hardware stack levels required when called:    7
 This function calls:
		_ImAliveManage
		_LEDsManage
		_PWM1_LoadDutyValue
		_SYSTEM_Initialize
		_SolenoidManage
		_WakeUpZigbee
 This function is called by:
		Startup code after reset
 This function uses a non-reentrant model


 *************** function _WakeUpZigbee *****************
 Defined at:
		line 523 in file "main_0.c"
 Parameters:    Size  Location     Type
		None
 Auto vars:     Size  Location     Type
		None
 Return value:  Size  Location     Type
		None               void
 Registers used:
		wreg, status,2, status,0, pclath, cstack
 Tracked objects:
		On entry : 
		On exit  : 
		Unchanged: 
 Data sizes:     COMMON   BANK0   BANK1
      Params:         0       0       0
      Locals:         0       0       0
      Temps:          0       0       0
      Totals:         0       0       0
Total ram usage:        0 bytes
 Hardware stack levels used:    1
 Hardware stack levels required when called:    6
 This function calls:
		_ReadPHVVoltage
		_ResetZigbee
		___ftge
 This function is called by:
		_main
 This function uses a non-reentrant model


 *************** function _SolenoidManage *****************
 Defined at:
		line 125 in file "main_0.c"
 Parameters:    Size  Location     Type
		None
 Auto vars:     Size  Location     Type
  lngPulsesNot    4   49[BANK0 ] long 
  lngPulsesWor    4   43[BANK0 ] long 
  flainVBatt      3   53[BANK0 ] float 
  timeForStopp    2   47[BANK0 ] int 
  timeForSprin    2   41[BANK0 ] int 
  timeToChecki    2   37[BANK0 ] int 
  timeToSupply    2   35[BANK0 ] int 
  timeForHighV    1   40[BANK0 ] unsigned char 
  timeForDemag    1   39[BANK0 ] unsigned char 
 Return value:  Size  Location     Type
		None               void
 Registers used:
		wreg, fsr0l, fsr0h, status,2, status,0, pclath, cstack
 Tracked objects:
		On entry : 
		On exit  : 
		Unchanged: 
 Data sizes:     COMMON   BANK0   BANK1
      Params:         0       0       0
      Locals:         0      21       0
      Temps:          0       1       0
      Totals:         0      22       0
Total ram usage:       22 bytes
 Hardware stack levels used:    1
 Hardware stack levels required when called:    6
 This function calls:
		_ReadainVBatt
		_ResetZigbee
		___aldiv
		___ftge
 This function is called by:
		_main
 This function uses a non-reentrant model


 *************** function ___aldiv *****************
 Defined at:
		line 6 in file "C:\Program Files (x86)\Microchip\xc8\v1.34\sources\common\aldiv.c"
 Parameters:    Size  Location     Type
  divisor         4    0[COMMON] long 
  dividend        4    4[COMMON] long 
 Auto vars:     Size  Location     Type
  quotient        4   10[COMMON] long 
  sign            1    9[COMMON] unsigned char 
  counter         1    8[COMMON] unsigned char 
 Return value:  Size  Location     Type
                  4    0[COMMON] long 
 Registers used:
		wreg, status,2, status,0
 Tracked objects:
		On entry : 
		On exit  : 
		Unchanged: 
 Data sizes:     COMMON   BANK0   BANK1
      Params:         8       0       0
      Locals:         6       0       0
      Temps:          0       0       0
      Totals:        14       0       0
Total ram usage:       14 bytes
 Hardware stack levels used:    1
 Hardware stack levels required when called:    3
 This function calls:
		Nothing
 This function is called by:
		_SolenoidManage
 This function uses a non-reentrant model


 *************** function _ResetZigbee *****************
 Defined at:
		line 536 in file "main_0.c"
 Parameters:    Size  Location     Type
		None
 Auto vars:     Size  Location     Type
  k               1    0[COMMON] unsigned char 
 Return value:  Size  Location     Type
		None               void
 Registers used:
		wreg, status,2, status,0
 Tracked objects:
		On entry : 
		On exit  : 
		Unchanged: 
 Data sizes:     COMMON   BANK0   BANK1
      Params:         0       0       0
      Locals:         1       0       0
      Temps:          0       0       0
      Totals:         1       0       0
Total ram usage:        1 bytes
 Hardware stack levels used:    1
 Hardware stack levels required when called:    3
 This function calls:
		Nothing
 This function is called by:
		_SolenoidManage
		_WakeUpZigbee
 This function uses a non-reentrant model


 *************** function _ReadainVBatt *****************
 Defined at:
		line 544 in file "main_0.c"
 Parameters:    Size  Location     Type
		None
 Auto vars:     Size  Location     Type
  k               1   24[BANK0 ] unsigned char 
  sum             3   25[BANK0 ] float 
 Return value:  Size  Location     Type
                  3   21[BANK0 ] float 
 Registers used:
		wreg, status,2, status,0, pclath, cstack
 Tracked objects:
		On entry : 
		On exit  : 
		Unchanged: 
 Data sizes:     COMMON   BANK0   BANK1
      Params:         0       3       0
      Locals:         0       4       0
      Temps:          0       0       0
      Totals:         0       7       0
Total ram usage:        7 bytes
 Hardware stack levels used:    1
 Hardware stack levels required when called:    5
 This function calls:
		_ADC_GetConversion
		___ftadd
		___ftdiv
		___ftmul
		___lwtoft
 This function is called by:
		_SolenoidManage
 This function uses a non-reentrant model


 *************** function _SYSTEM_Initialize *****************
 Defined at:
		line 67 in file "mcc_generated_files/mcc.c"
 Parameters:    Size  Location     Type
		None
 Auto vars:     Size  Location     Type
		None
 Return value:  Size  Location     Type
		None               void
 Registers used:
		wreg, status,2, status,0, pclath, cstack
 Tracked objects:
		On entry : 
		On exit  : 
		Unchanged: 
 Data sizes:     COMMON   BANK0   BANK1
      Params:         0       0       0
      Locals:         0       0       0
      Temps:          0       0       0
      Totals:         0       0       0
Total ram usage:        0 bytes
 Hardware stack levels used:    1
 Hardware stack levels required when called:    5
 This function calls:
		_ADC_Initialize
		_FVR_Initialize
		_OSCILLATOR_Initialize
		_PIN_MANAGER_Initialize
		_PWM1_Initialize
		_PWM2_Initialize
		_TMR0_Initialize
		_TMR1_Initialize
		_TMR2_Initialize
 This function is called by:
		_main
 This function uses a non-reentrant model


 *************** function _TMR2_Initialize *****************
 Defined at:
		line 58 in file "mcc_generated_files/tmr2.c"
 Parameters:    Size  Location     Type
		None
 Auto vars:     Size  Location     Type
		None
 Return value:  Size  Location     Type
		None               void
 Registers used:
		wreg, status,2, status,0, pclath, cstack
 Tracked objects:
		On entry : 
		On exit  : 
		Unchanged: 
 Data sizes:     COMMON   BANK0   BANK1
      Params:         0       0       0
      Locals:         0       0       0
      Temps:          0       0       0
      Totals:         0       0       0
Total ram usage:        0 bytes
 Hardware stack levels used:    1
 Hardware stack levels required when called:    4
 This function calls:
		_TMR2_StartTimer
 This function is called by:
		_SYSTEM_Initialize
 This function uses a non-reentrant model


 *************** function _TMR2_StartTimer *****************
 Defined at:
		line 77 in file "mcc_generated_files/tmr2.c"
 Parameters:    Size  Location     Type
		None
 Auto vars:     Size  Location     Type
		None
 Return value:  Size  Location     Type
		None               void
 Registers used:
		None
 Tracked objects:
		On entry : 
		On exit  : 
		Unchanged: 
 Data sizes:     COMMON   BANK0   BANK1
      Params:         0       0       0
      Locals:         0       0       0
      Temps:          0       0       0
      Totals:         0       0       0
Total ram usage:        0 bytes
 Hardware stack levels used:    1
 Hardware stack levels required when called:    3
 This function calls:
		Nothing
 This function is called by:
		_TMR2_Initialize
 This function uses a non-reentrant model


 *************** function _TMR1_Initialize *****************
 Defined at:
		line 63 in file "mcc_generated_files/tmr1.c"
 Parameters:    Size  Location     Type
		None
 Auto vars:     Size  Location     Type
		None
 Return value:  Size  Location     Type
		None               void
 Registers used:
		wreg, status,2, status,0, pclath, cstack
 Tracked objects:
		On entry : 
		On exit  : 
		Unchanged: 
 Data sizes:     COMMON   BANK0   BANK1
      Params:         0       0       0
      Locals:         0       0       0
      Temps:          0       0       0
      Totals:         0       0       0
Total ram usage:        0 bytes
 Hardware stack levels used:    1
 Hardware stack levels required when called:    4
 This function calls:
		_TMR1_StartTimer
 This function is called by:
		_SYSTEM_Initialize
 This function uses a non-reentrant model


 *************** function _TMR1_StartTimer *****************
 Defined at:
		line 91 in file "mcc_generated_files/tmr1.c"
 Parameters:    Size  Location     Type
		None
 Auto vars:     Size  Location     Type
		None
 Return value:  Size  Location     Type
		None               void
 Registers used:
		None
 Tracked objects:
		On entry : 
		On exit  : 
		Unchanged: 
 Data sizes:     COMMON   BANK0   BANK1
      Params:         0       0       0
      Locals:         0       0       0
      Temps:          0       0       0
      Totals:         0       0       0
Total ram usage:        0 bytes
 Hardware stack levels used:    1
 Hardware stack levels required when called:    3
 This function calls:
		Nothing
 This function is called by:
		_TMR1_Initialize
 This function uses a non-reentrant model


 *************** function _TMR0_Initialize *****************
 Defined at:
		line 64 in file "mcc_generated_files/tmr0.c"
 Parameters:    Size  Location     Type
		None
 Auto vars:     Size  Location     Type
		None
 Return value:  Size  Location     Type
		None               void
 Registers used:
		wreg, status,2
 Tracked objects:
		On entry : 
		On exit  : 
		Unchanged: 
 Data sizes:     COMMON   BANK0   BANK1
      Params:         0       0       0
      Locals:         0       0       0
      Temps:          0       0       0
      Totals:         0       0       0
Total ram usage:        0 bytes
 Hardware stack levels used:    1
 Hardware stack levels required when called:    3
 This function calls:
		Nothing
 This function is called by:
		_SYSTEM_Initialize
 This function uses a non-reentrant model


 *************** function _PWM2_Initialize *****************
 Defined at:
		line 58 in file "mcc_generated_files/pwm2.c"
 Parameters:    Size  Location     Type
		None
 Auto vars:     Size  Location     Type
		None
 Return value:  Size  Location     Type
		None               void
 Registers used:
		wreg, status,2
 Tracked objects:
		On entry : 
		On exit  : 
		Unchanged: 
 Data sizes:     COMMON   BANK0   BANK1
      Params:         0       0       0
      Locals:         0       0       0
      Temps:          0       0       0
      Totals:         0       0       0
Total ram usage:        0 bytes
 Hardware stack levels used:    1
 Hardware stack levels required when called:    3
 This function calls:
		Nothing
 This function is called by:
		_SYSTEM_Initialize
 This function uses a non-reentrant model


 *************** function _PWM1_Initialize *****************
 Defined at:
		line 58 in file "mcc_generated_files/pwm1.c"
 Parameters:    Size  Location     Type
		None
 Auto vars:     Size  Location     Type
		None
 Return value:  Size  Location     Type
		None               void
 Registers used:
		wreg
 Tracked objects:
		On entry : 
		On exit  : 
		Unchanged: 
 Data sizes:     COMMON   BANK0   BANK1
      Params:         0       0       0
      Locals:         0       0       0
      Temps:          0       0       0
      Totals:         0       0       0
Total ram usage:        0 bytes
 Hardware stack levels used:    1
 Hardware stack levels required when called:    3
 This function calls:
		Nothing
 This function is called by:
		_SYSTEM_Initialize
 This function uses a non-reentrant model


 *************** function _PIN_MANAGER_Initialize *****************
 Defined at:
		line 54 in file "mcc_generated_files/pin_manager.c"
 Parameters:    Size  Location     Type
		None
 Auto vars:     Size  Location     Type
		None
 Return value:  Size  Location     Type
		None               void
 Registers used:
		wreg, status,2
 Tracked objects:
		On entry : 
		On exit  : 
		Unchanged: 
 Data sizes:     COMMON   BANK0   BANK1
      Params:         0       0       0
      Locals:         0       0       0
      Temps:          0       0       0
      Totals:         0       0       0
Total ram usage:        0 bytes
 Hardware stack levels used:    1
 Hardware stack levels required when called:    3
 This function calls:
		Nothing
 This function is called by:
		_SYSTEM_Initialize
 This function uses a non-reentrant model


 *************** function _OSCILLATOR_Initialize *****************
 Defined at:
		line 79 in file "mcc_generated_files/mcc.c"
 Parameters:    Size  Location     Type
		None
 Auto vars:     Size  Location     Type
		None
 Return value:  Size  Location     Type
		None               void
 Registers used:
		wreg, status,2
 Tracked objects:
		On entry : 
		On exit  : 
		Unchanged: 
 Data sizes:     COMMON   BANK0   BANK1
      Params:         0       0       0
      Locals:         0       0       0
      Temps:          0       0       0
      Totals:         0       0       0
Total ram usage:        0 bytes
 Hardware stack levels used:    1
 Hardware stack levels required when called:    3
 This function calls:
		Nothing
 This function is called by:
		_SYSTEM_Initialize
 This function uses a non-reentrant model


 *************** function _FVR_Initialize *****************
 Defined at:
		line 58 in file "mcc_generated_files/fvr.c"
 Parameters:    Size  Location     Type
		None
 Auto vars:     Size  Location     Type
		None
 Return value:  Size  Location     Type
		None               void
 Registers used:
		wreg
 Tracked objects:
		On entry : 
		On exit  : 
		Unchanged: 
 Data sizes:     COMMON   BANK0   BANK1
      Params:         0       0       0
      Locals:         0       0       0
      Temps:          0       0       0
      Totals:         0       0       0
Total ram usage:        0 bytes
 Hardware stack levels used:    1
 Hardware stack levels required when called:    3
 This function calls:
		Nothing
 This function is called by:
		_SYSTEM_Initialize
 This function uses a non-reentrant model


 *************** function _ADC_Initialize *****************
 Defined at:
		line 65 in file "mcc_generated_files/adc.c"
 Parameters:    Size  Location     Type
		None
 Auto vars:     Size  Location     Type
		None
 Return value:  Size  Location     Type
		None               void
 Registers used:
		wreg, status,2
 Tracked objects:
		On entry : 
		On exit  : 
		Unchanged: 
 Data sizes:     COMMON   BANK0   BANK1
      Params:         0       0       0
      Locals:         0       0       0
      Temps:          0       0       0
      Totals:         0       0       0
Total ram usage:        0 bytes
 Hardware stack levels used:    1
 Hardware stack levels required when called:    3
 This function calls:
		Nothing
 This function is called by:
		_SYSTEM_Initialize
 This function uses a non-reentrant model


 *************** function _PWM1_LoadDutyValue *****************
 Defined at:
		line 71 in file "mcc_generated_files/pwm1.c"
 Parameters:    Size  Location     Type
  dutyValue       2    0[COMMON] unsigned int 
 Auto vars:     Size  Location     Type
		None
 Return value:  Size  Location     Type
		None               void
 Registers used:
		wreg, status,2, status,0
 Tracked objects:
		On entry : 
		On exit  : 
		Unchanged: 
 Data sizes:     COMMON   BANK0   BANK1
      Params:         2       0       0
      Locals:         0       0       0
      Temps:          2       0       0
      Totals:         4       0       0
Total ram usage:        4 bytes
 Hardware stack levels used:    1
 Hardware stack levels required when called:    3
 This function calls:
		Nothing
 This function is called by:
		_main
 This function uses a non-reentrant model


 *************** function _LEDsManage *****************
 Defined at:
		line 433 in file "main_0.c"
 Parameters:    Size  Location     Type
		None
 Auto vars:     Size  Location     Type
  ulgCyclesFor    4   34[BANK0 ] unsigned long 
  intLedsOffTi    1    0        unsigned char 
  intLedsOnTim    1   38[BANK0 ] unsigned char 
 Return value:  Size  Location     Type
		None               void
 Registers used:
		wreg, status,2, status,0, pclath, cstack
 Tracked objects:
		On entry : 
		On exit  : 
		Unchanged: 
 Data sizes:     COMMON   BANK0   BANK1
      Params:         0       0       0
      Locals:         0       6       0
      Temps:          0       0       0
      Totals:         0       6       0
Total ram usage:        6 bytes
 Hardware stack levels used:    1
 Hardware stack levels required when called:    6
 This function calls:
		_ReadPHVVoltage
		___ftge
 This function is called by:
		_main
 This function uses a non-reentrant model


 *************** function ___ftge *****************
 Defined at:
		line 4 in file "C:\Program Files (x86)\Microchip\xc8\v1.34\sources\common\ftge.c"
 Parameters:    Size  Location     Type
  ff1             3   28[BANK0 ] float 
  ff2             3   31[BANK0 ] float 
 Auto vars:     Size  Location     Type
		None
 Return value:  Size  Location     Type
		None               void
 Registers used:
		wreg, status,2, status,0
 Tracked objects:
		On entry : 
		On exit  : 
		Unchanged: 
 Data sizes:     COMMON   BANK0   BANK1
      Params:         0       6       0
      Locals:         0       0       0
      Temps:          0       0       0
      Totals:         0       6       0
Total ram usage:        6 bytes
 Hardware stack levels used:    1
 Hardware stack levels required when called:    3
 This function calls:
		Nothing
 This function is called by:
		_SolenoidManage
		_LEDsManage
		_WakeUpZigbee
 This function uses a non-reentrant model


 *************** function _ReadPHVVoltage *****************
 Defined at:
		line 559 in file "main_0.c"
 Parameters:    Size  Location     Type
		None
 Auto vars:     Size  Location     Type
  k               1   24[BANK0 ] unsigned char 
  sum             3   25[BANK0 ] float 
 Return value:  Size  Location     Type
                  3   21[BANK0 ] float 
 Registers used:
		wreg, status,2, status,0, pclath, cstack
 Tracked objects:
		On entry : 
		On exit  : 
		Unchanged: 
 Data sizes:     COMMON   BANK0   BANK1
      Params:         0       3       0
      Locals:         0       4       0
      Temps:          0       0       0
      Totals:         0       7       0
Total ram usage:        7 bytes
 Hardware stack levels used:    1
 Hardware stack levels required when called:    5
 This function calls:
		_ADC_GetConversion
		___ftadd
		___ftdiv
		___ftmul
		___lwtoft
 This function is called by:
		_LEDsManage
		_WakeUpZigbee
 This function uses a non-reentrant model


 *************** function ___lwtoft *****************
 Defined at:
		line 28 in file "C:\Program Files (x86)\Microchip\xc8\v1.34\sources\common\lwtoft.c"
 Parameters:    Size  Location     Type
  c               2    8[COMMON] unsigned int 
 Auto vars:     Size  Location     Type
		None
 Return value:  Size  Location     Type
                  3    8[COMMON] float 
 Registers used:
		wreg, status,2, status,0, pclath, cstack
 Tracked objects:
		On entry : 
		On exit  : 
		Unchanged: 
 Data sizes:     COMMON   BANK0   BANK1
      Params:         3       0       0
      Locals:         0       0       0
      Temps:          0       0       0
      Totals:         3       0       0
Total ram usage:        3 bytes
 Hardware stack levels used:    1
 Hardware stack levels required when called:    4
 This function calls:
		___ftpack
 This function is called by:
		_ReadainVBatt
		_ReadPHVVoltage
 This function uses a non-reentrant model


 *************** function ___ftmul *****************
 Defined at:
		line 62 in file "C:\Program Files (x86)\Microchip\xc8\v1.34\sources\common\ftmul.c"
 Parameters:    Size  Location     Type
  f1              3    8[COMMON] float 
  f2              3   11[COMMON] float 
 Auto vars:     Size  Location     Type
  f3_as_produc    3    4[BANK0 ] unsigned um
  sign            1    8[BANK0 ] unsigned char 
  cntr            1    7[BANK0 ] unsigned char 
  exp             1    3[BANK0 ] unsigned char 
 Return value:  Size  Location     Type
                  3    8[COMMON] float 
 Registers used:
		wreg, status,2, status,0, pclath, cstack
 Tracked objects:
		On entry : 
		On exit  : 
		Unchanged: 
 Data sizes:     COMMON   BANK0   BANK1
      Params:         6       0       0
      Locals:         0       6       0
      Temps:          0       3       0
      Totals:         6       9       0
Total ram usage:       15 bytes
 Hardware stack levels used:    1
 Hardware stack levels required when called:    4
 This function calls:
		___ftpack
 This function is called by:
		_ReadainVBatt
		_ReadPHVVoltage
 This function uses a non-reentrant model


 *************** function ___ftdiv *****************
 Defined at:
		line 56 in file "C:\Program Files (x86)\Microchip\xc8\v1.34\sources\common\ftdiv.c"
 Parameters:    Size  Location     Type
  f2              3    8[COMMON] float 
  f1              3   11[COMMON] float 
 Auto vars:     Size  Location     Type
  f3              3    4[BANK0 ] float 
  sign            1    8[BANK0 ] unsigned char 
  exp             1    7[BANK0 ] unsigned char 
  cntr            1    3[BANK0 ] unsigned char 
 Return value:  Size  Location     Type
                  3    8[COMMON] float 
 Registers used:
		wreg, status,2, status,0, pclath, cstack
 Tracked objects:
		On entry : 
		On exit  : 
		Unchanged: 
 Data sizes:     COMMON   BANK0   BANK1
      Params:         6       0       0
      Locals:         0       6       0
      Temps:          0       3       0
      Totals:         6       9       0
Total ram usage:       15 bytes
 Hardware stack levels used:    1
 Hardware stack levels required when called:    4
 This function calls:
		___ftpack
 This function is called by:
		_ReadainVBatt
		_ReadPHVVoltage
 This function uses a non-reentrant model


 *************** function ___ftadd *****************
 Defined at:
		line 86 in file "C:\Program Files (x86)\Microchip\xc8\v1.34\sources\common\ftadd.c"
 Parameters:    Size  Location     Type
  f1              3    9[BANK0 ] float 
  f2              3   12[BANK0 ] float 
 Auto vars:     Size  Location     Type
  exp1            1   20[BANK0 ] unsigned char 
  exp2            1   19[BANK0 ] unsigned char 
  sign            1   18[BANK0 ] unsigned char 
 Return value:  Size  Location     Type
                  3    9[BANK0 ] float 
 Registers used:
		wreg, status,2, status,0, pclath, cstack
 Tracked objects:
		On entry : 
		On exit  : 
		Unchanged: 
 Data sizes:     COMMON   BANK0   BANK1
      Params:         0       6       0
      Locals:         0       3       0
      Temps:          0       3       0
      Totals:         0      12       0
Total ram usage:       12 bytes
 Hardware stack levels used:    1
 Hardware stack levels required when called:    4
 This function calls:
		___ftpack
 This function is called by:
		_ReadainVBatt
		_ReadPHVVoltage
 This function uses a non-reentrant model


 *************** function ___ftpack *****************
 Defined at:
		line 62 in file "C:\Program Files (x86)\Microchip\xc8\v1.34\sources\common\float.c"
 Parameters:    Size  Location     Type
  arg             3    0[COMMON] unsigned um
  exp             1    3[COMMON] unsigned char 
  sign            1    4[COMMON] unsigned char 
 Auto vars:     Size  Location     Type
		None
 Return value:  Size  Location     Type
                  3    0[COMMON] float 
 Registers used:
		wreg, status,2, status,0
 Tracked objects:
		On entry : 
		On exit  : 
		Unchanged: 
 Data sizes:     COMMON   BANK0   BANK1
      Params:         5       0       0
      Locals:         0       0       0
      Temps:          3       0       0
      Totals:         8       0       0
Total ram usage:        8 bytes
 Hardware stack levels used:    1
 Hardware stack levels required when called:    3
 This function calls:
		Nothing
 This function is called by:
		___ftadd
		___ftdiv
		___ftmul
		___lwtoft
 This function uses a non-reentrant model


 *************** function _ADC_GetConversion *****************
 Defined at:
		line 109 in file "mcc_generated_files/adc.c"
 Parameters:    Size  Location     Type
  channel         1    wreg     enum E2664
 Auto vars:     Size  Location     Type
  channel         1    3[COMMON] enum E2664
 Return value:  Size  Location     Type
                  2    0[COMMON] unsigned int 
 Registers used:
		wreg, status,2, status,0
 Tracked objects:
		On entry : 
		On exit  : 
		Unchanged: 
 Data sizes:     COMMON   BANK0   BANK1
      Params:         2       0       0
      Locals:         1       0       0
      Temps:          1       0       0
      Totals:         4       0       0
Total ram usage:        4 bytes
 Hardware stack levels used:    1
 Hardware stack levels required when called:    3
 This function calls:
		Nothing
 This function is called by:
		_ReadainVBatt
		_ReadPHVVoltage
 This function uses a non-reentrant model


 *************** function _ImAliveManage *****************
 Defined at:
		line 491 in file "main_0.c"
 Parameters:    Size  Location     Type
		None
 Auto vars:     Size  Location     Type
		None
 Return value:  Size  Location     Type
		None               void
 Registers used:
		wreg, status,2, status,0
 Tracked objects:
		On entry : 
		On exit  : 
		Unchanged: 
 Data sizes:     COMMON   BANK0   BANK1
      Params:         0       0       0
      Locals:         0       0       0
      Temps:          0       0       0
      Totals:         0       0       0
Total ram usage:        0 bytes
 Hardware stack levels used:    1
 Hardware stack levels required when called:    3
 This function calls:
		Nothing
 This function is called by:
		_main
 This function uses a non-reentrant model


 *************** function _INTERRUPT_InterruptManager *****************
 Defined at:
		line 52 in file "mcc_generated_files/interrupt_manager.c"
 Parameters:    Size  Location     Type
		None
 Auto vars:     Size  Location     Type
		None
 Return value:  Size  Location     Type
		None               void
 Registers used:
		wreg, status,2, status,0, pclath, cstack
 Tracked objects:
		On entry : 
		On exit  : 
		Unchanged: 
 Data sizes:     COMMON   BANK0   BANK1
      Params:         0       0       0
      Locals:         0       0       0
      Temps:          0       0       0
      Totals:         0       0       0
Total ram usage:        0 bytes
 Hardware stack levels used:    1
 Hardware stack levels required when called:    2
 This function calls:
		_PIN_MANAGER_IOC
		_TMR1_ISR
 This function is called by:
		Interrupt level 1
 This function uses a non-reentrant model


 *************** function _TMR1_ISR *****************
 Defined at:
		line 141 in file "mcc_generated_files/tmr1.c"
 Parameters:    Size  Location     Type
		None
 Auto vars:     Size  Location     Type
		None
 Return value:  Size  Location     Type
		None               void
 Registers used:
		wreg, status,2, status,0, pclath, cstack
 Tracked objects:
		On entry : 
		On exit  : 
		Unchanged: 
 Data sizes:     COMMON   BANK0   BANK1
      Params:         0       0       0
      Locals:         0       0       0
      Temps:          0       0       0
      Totals:         0       0       0
Total ram usage:        0 bytes
 Hardware stack levels used:    1
 Hardware stack levels required when called:    1
 This function calls:
		_TMR1_CallBack
 This function is called by:
		_INTERRUPT_InterruptManager
 This function uses a non-reentrant model


 *************** function _TMR1_CallBack *****************
 Defined at:
		line 157 in file "mcc_generated_files/tmr1.c"
 Parameters:    Size  Location     Type
		None
 Auto vars:     Size  Location     Type
		None
 Return value:  Size  Location     Type
		None               void
 Registers used:
		None
 Tracked objects:
		On entry : 
		On exit  : 
		Unchanged: 
 Data sizes:     COMMON   BANK0   BANK1
      Params:         0       0       0
      Locals:         0       0       0
      Temps:          0       0       0
      Totals:         0       0       0
Total ram usage:        0 bytes
 Hardware stack levels used:    1
 This function calls:
		Nothing
 This function is called by:
		_TMR1_ISR
 This function uses a non-reentrant model


 *************** function _PIN_MANAGER_IOC *****************
 Defined at:
		line 82 in file "mcc_generated_files/pin_manager.c"
 Parameters:    Size  Location     Type
		None
 Auto vars:     Size  Location     Type
		None
 Return value:  Size  Location     Type
		None               void
 Registers used:
		wreg, status,2, status,0
 Tracked objects:
		On entry : 
		On exit  : 
		Unchanged: 
 Data sizes:     COMMON   BANK0   BANK1
      Params:         0       0       0
      Locals:         0       0       0
      Temps:          0       0       0
      Totals:         0       0       0
Total ram usage:        0 bytes
 Hardware stack levels used:    1
 This function calls:
		Nothing
 This function is called by:
		_INTERRUPT_InterruptManager
 This function uses a non-reentrant model



MODULE INFORMATION

Module		Function		Class		Link	Load	Size
C:\Program Files (x86)\Microchip\xc8\v1.34\sources\common\ftge.c
		___ftge        		CODE           	05B3	0000	45

C:\Program Files (x86)\Microchip\xc8\v1.34\sources\common\ftge.c estimated size: 45

mcc_generated_files/fvr.c
		_FVR_Initialize		CODE           	0721	0000	5

mcc_generated_files/fvr.c estimated size: 5

mcc_generated_files/tmr2.c
		_TMR2_Initializ		CODE           	070F	0000	8
		_TMR2_StartTime		CODE           	0728	0000	3

mcc_generated_files/tmr2.c estimated size: 11

mcc_generated_files/interrupt_manager.c
		_INTERRUPT_Inte		CODE           	0004	0000	16

mcc_generated_files/interrupt_manager.c estimated size: 16

mcc_generated_files/pwm2.c
		_PWM2_Initializ		CODE           	0716	0000	7

mcc_generated_files/pwm2.c estimated size: 7

mcc_generated_files/tmr0.c
		_TMR0_Initializ		CODE           	06E3	0000	12

mcc_generated_files/tmr0.c estimated size: 12

C:\Program Files (x86)\Microchip\xc8\v1.34\sources\common\float.c
		___ftpack      		CODE           	0544	0000	63

C:\Program Files (x86)\Microchip\xc8\v1.34\sources\common\float.c estimated size: 63

mcc_generated_files/pin_manager.c
		_PIN_MANAGER_In		CODE           	0630	0000	39
		_PIN_MANAGER_IO		CODE           	0681	0000	21

mcc_generated_files/pin_manager.c estimated size: 60

mcc_generated_files/adc.c
		_ADC_Initialize		CODE           	06FF	0000	9
		_ADC_GetConvers		CODE           	0656	0000	24

mcc_generated_files/adc.c estimated size: 33

C:\Program Files (x86)\Microchip\xc8\v1.34\sources\common\ftmul.c
		___ftmul       		CODE           	0478	0000	107

C:\Program Files (x86)\Microchip\xc8\v1.34\sources\common\ftmul.c estimated size: 107

C:\Program Files (x86)\Microchip\xc8\v1.34\sources\common\lwtoft.c
		___lwtoft      		CODE           	06B9	0000	17

C:\Program Files (x86)\Microchip\xc8\v1.34\sources\common\lwtoft.c estimated size: 17

C:\Program Files (x86)\Microchip\xc8\v1.34\sources\common\ftdiv.c
		___ftdiv       		CODE           	04E2	0000	99

C:\Program Files (x86)\Microchip\xc8\v1.34\sources\common\ftdiv.c estimated size: 99

shared
		__initializatio		CODE           	0014	0000	13

shared estimated size: 13

mcc_generated_files/mcc.c
		_OSCILLATOR_Ini		CODE           	071C	0000	6
		_SYSTEM_Initial		CODE           	06EE	0000	10

mcc_generated_files/mcc.c estimated size: 16

mcc_generated_files/tmr1.c
		_TMR1_Initializ		CODE           	06C9	0000	16
		_TMR1_CallBack 		CODE           	072A	0000	2
		_TMR1_StartTime		CODE           	0725	0000	4
		_TMR1_ISR      		CODE           	0707	0000	9

mcc_generated_files/tmr1.c estimated size: 31

mcc_generated_files/pwm1.c
		_PWM1_Initializ		CODE           	06F7	0000	9
		_PWM1_LoadDutyV		CODE           	066D	0000	21

mcc_generated_files/pwm1.c estimated size: 30

C:\Program Files (x86)\Microchip\xc8\v1.34\sources\common\aldiv.c
		___aldiv       		CODE           	040C	0000	109

C:\Program Files (x86)\Microchip\xc8\v1.34\sources\common\aldiv.c estimated size: 109

main_0.c
		_SolenoidManage		CODE           	0022	0000	595
		_main          		CODE           	0582	0000	50
		_ReadainVBatt  		CODE           	0329	0000	115
		_LEDsManage    		CODE           	05DF	0000	44
		_WakeUpZigbee  		CODE           	060A	0000	39
		_ImAliveManage 		CODE           	0695	0000	20
		_ReadPHVVoltage		CODE           	039B	0000	114
		_ResetZigbee   		CODE           	06A8	0000	18

main_0.c estimated size: 995

C:\Program Files (x86)\Microchip\xc8\v1.34\sources\common\ftadd.c
		___ftadd       		CODE           	0274	0000	182

C:\Program Files (x86)\Microchip\xc8\v1.34\sources\common\ftadd.c estimated size: 182

